0 verbose cli C:\Program Files\nodejs\node.exe C:\Users\Luis\AppData\Roaming\npm\node_modules\npm\bin\npm-cli.js
1 info using npm@8.15.0
2 info using node@v24.11.1
3 timing npm:load:whichnode Completed in 0ms
4 timing config:load:defaults Completed in 1ms
5 timing config:load:file:C:\Users\Luis\AppData\Roaming\npm\node_modules\npm\npmrc Completed in 5ms
6 timing config:load:builtin Completed in 5ms
7 timing config:load:cli Completed in 1ms
8 timing config:load:env Completed in 1ms
9 timing config:load:file:D:\APP ENCUESTAS\frontend\academic-survey-system-web\.npmrc Completed in 0ms
10 timing config:load:project Completed in 1ms
11 timing config:load:file:C:\Users\Luis\.npmrc Completed in 0ms
12 timing config:load:user Completed in 0ms
13 timing config:load:file:C:\Users\Luis\AppData\Roaming\npm\etc\npmrc Completed in 0ms
14 timing config:load:global Completed in 0ms
15 timing config:load:validate Completed in 0ms
16 timing config:load:credentials Completed in 1ms
17 timing config:load:setEnvs Completed in 0ms
18 timing config:load Completed in 11ms
19 timing npm:load:configload Completed in 11ms
20 timing npm:load:mkdirpcache Completed in 1ms
21 timing npm:load:mkdirplogs Completed in 0ms
22 verbose title npm install
23 verbose argv "install"
24 timing npm:load:setTitle Completed in 1ms
25 timing config:load:flatten Completed in 2ms
26 timing npm:load:display Completed in 2ms
27 verbose logfile logs-max:10 dir:D:\APP ENCUESTAS\.npm-cache\_logs
28 verbose logfile D:\APP ENCUESTAS\.npm-cache\_logs\2026-07-02T15_05_35_257Z-debug-0.log
29 timing npm:load:logFile Completed in 5ms
30 timing npm:load:timers Completed in 0ms
31 timing npm:load:configScope Completed in 0ms
32 timing npm:load Completed in 21ms
33 timing arborist:ctor Completed in 1ms
34 silly logfile done cleaning log files
35 timing arborist:ctor Completed in 1ms
36 timing idealTree:init Completed in 13ms
37 timing idealTree:userRequests Completed in 0ms
38 silly idealTree buildDeps
39 silly fetch manifest @vitejs/plugin-react@latest
40 http fetch GET 200 https://registry.npmjs.org/@vitejs%2fplugin-react 294ms (cache miss)
41 silly fetch manifest @rolldown/plugin-babel@^0.1.7 || ^0.2.0
42 http fetch GET 200 https://registry.npmjs.org/@rolldown%2fplugin-babel 220ms (cache miss)
43 silly fetch manifest @babel/core@^7.29.0 || ^8.0.0-rc.1
44 http fetch GET 200 https://registry.npmjs.org/@babel%2fcore 135ms (cache miss)
45 silly fetch manifest @babel/plugin-transform-runtime@^7.29.0 || ^8.0.0-rc.1
46 http fetch GET 200 https://registry.npmjs.org/@babel%2fplugin-transform-runtime 86ms (cache miss)
47 silly fetch manifest @babel/runtime@^7.27.0 || ^8.0.0-rc.1
48 http fetch GET 200 https://registry.npmjs.org/@babel%2fruntime 85ms (cache miss)
49 silly fetch manifest rolldown@^1.0.0-rc.5
50 http fetch GET 200 https://registry.npmjs.org/rolldown 110ms (cache miss)
51 silly fetch manifest vite@latest
52 http fetch GET 200 https://registry.npmjs.org/vite 143ms (cache miss)
53 silly fetch manifest @types/node@^20.19.0 || >=22.12.0
54 http fetch GET 200 https://registry.npmjs.org/@types%2fnode 202ms (cache miss)
55 silly fetch manifest @vitejs/devtools@^0.3.0
56 http fetch GET 200 https://registry.npmjs.org/@vitejs%2fdevtools 563ms (cache miss)
57 silly fetch manifest esbuild@^0.27.0 || ^0.28.0
58 http fetch GET 200 https://registry.npmjs.org/esbuild 117ms (cache miss)
59 silly fetch manifest jiti@>=1.21.0
60 http fetch GET 200 https://registry.npmjs.org/jiti 71ms (cache miss)
61 silly fetch manifest less@^4.0.0
62 http fetch GET 200 https://registry.npmjs.org/less 72ms (cache miss)
63 silly fetch manifest sass@^1.70.0
64 http fetch GET 200 https://registry.npmjs.org/sass 83ms (cache miss)
65 silly fetch manifest sass-embedded@^1.70.0
66 http fetch GET 200 https://registry.npmjs.org/sass-embedded 70ms (cache miss)
67 silly fetch manifest stylus@>=0.54.8
68 http fetch GET 200 https://registry.npmjs.org/stylus 221ms (cache miss)
69 silly fetch manifest sugarss@^5.0.0
70 http fetch GET 200 https://registry.npmjs.org/sugarss 222ms (cache miss)
71 silly fetch manifest postcss@^8.3.3
72 http fetch GET 200 https://registry.npmjs.org/postcss 76ms (cache miss)
73 silly fetch manifest terser@^5.16.0
74 http fetch GET 200 https://registry.npmjs.org/terser 79ms (cache miss)
75 silly fetch manifest tsx@^4.8.1
76 http fetch GET 200 https://registry.npmjs.org/tsx 69ms (cache miss)
77 silly fetch manifest yaml@^2.4.2
78 http fetch GET 200 https://registry.npmjs.org/yaml 68ms (cache miss)
79 silly fetch manifest babel-plugin-react-compiler@^1.0.0
80 http fetch GET 200 https://registry.npmjs.org/babel-plugin-react-compiler 227ms (cache miss)
81 silly fetch manifest typescript@latest
82 http fetch GET 200 https://registry.npmjs.org/typescript 232ms (cache miss)
83 silly fetch manifest react@latest
84 http fetch GET 200 https://registry.npmjs.org/react 187ms (cache miss)
85 silly fetch manifest react-dom@latest
86 http fetch GET 200 https://registry.npmjs.org/react-dom 187ms (cache miss)
87 silly placeDep ROOT @vitejs/plugin-react@6.0.3 OK for: academic-survey-system-web@0.0.0 want: latest
88 silly placeDep ROOT vite@8.1.3 OK for: @vitejs/plugin-react@6.0.3 want: ^8.0.0
89 silly placeDep ROOT react@19.2.7 OK for: academic-survey-system-web@0.0.0 want: latest
90 silly placeDep ROOT react-dom@19.2.7 OK for: academic-survey-system-web@0.0.0 want: latest
91 silly placeDep ROOT typescript@6.0.3 OK for: academic-survey-system-web@0.0.0 want: latest
92 silly fetch manifest @rolldown/pluginutils@^1.0.1
93 silly fetch manifest lightningcss@^1.32.0
94 silly fetch manifest picomatch@^4.0.4
95 silly fetch manifest postcss@^8.5.16
96 silly fetch manifest rolldown@~1.1.3
97 silly fetch manifest tinyglobby@^0.2.17
98 silly fetch manifest fsevents@~2.3.3
99 silly fetch manifest scheduler@^0.27.0
100 http fetch GET 200 https://registry.npmjs.org/@rolldown%2fpluginutils 78ms (cache miss)
101 http fetch GET 200 https://registry.npmjs.org/lightningcss 156ms (cache miss)
102 http fetch GET 200 https://registry.npmjs.org/picomatch 157ms (cache miss)
103 http fetch GET 200 https://registry.npmjs.org/tinyglobby 162ms (cache miss)
104 http fetch GET 200 https://registry.npmjs.org/fsevents 163ms (cache miss)
105 http fetch GET 200 https://registry.npmjs.org/scheduler 414ms (cache miss)
106 timing idealTree:#root Completed in 4392ms
107 silly placeDep ROOT @rolldown/pluginutils@1.0.1 OK for: @vitejs/plugin-react@6.0.3 want: ^1.0.1
108 timing idealTree:node_modules/@vitejs/plugin-react Completed in 1ms
109 timing idealTree:node_modules/@rolldown/pluginutils Completed in 0ms
110 timing idealTree:node_modules/react Completed in 0ms
111 silly placeDep ROOT scheduler@0.27.0 OK for: react-dom@19.2.7 want: ^0.27.0
112 timing idealTree:node_modules/react-dom Completed in 1ms
113 timing idealTree:node_modules/scheduler Completed in 0ms
114 timing idealTree:node_modules/typescript Completed in 0ms
115 silly placeDep ROOT fsevents@2.3.3 OK for: vite@8.1.3 want: ~2.3.3
116 silly placeDep ROOT lightningcss@1.32.0 OK for: vite@8.1.3 want: ^1.32.0
117 silly placeDep ROOT picomatch@4.0.4 OK for: vite@8.1.3 want: ^4.0.4
118 silly placeDep ROOT postcss@8.5.16 OK for: vite@8.1.3 want: ^8.5.16
119 silly placeDep ROOT rolldown@1.1.4 OK for: vite@8.1.3 want: ~1.1.3
120 silly placeDep ROOT tinyglobby@0.2.17 OK for: vite@8.1.3 want: ^0.2.17
121 silly fetch manifest detect-libc@^2.0.3
122 silly fetch manifest lightningcss-darwin-x64@1.32.0
123 silly fetch manifest lightningcss-linux-x64-gnu@1.32.0
124 silly fetch manifest lightningcss-win32-x64-msvc@1.32.0
125 silly fetch manifest lightningcss-win32-arm64-msvc@1.32.0
126 silly fetch manifest lightningcss-darwin-arm64@1.32.0
127 silly fetch manifest lightningcss-linux-arm64-gnu@1.32.0
128 silly fetch manifest lightningcss-linux-arm-gnueabihf@1.32.0
129 silly fetch manifest lightningcss-linux-arm64-musl@1.32.0
130 silly fetch manifest lightningcss-linux-x64-musl@1.32.0
131 silly fetch manifest lightningcss-freebsd-x64@1.32.0
132 silly fetch manifest lightningcss-android-arm64@1.32.0
133 silly fetch manifest nanoid@^3.3.12
134 silly fetch manifest picocolors@^1.1.1
135 silly fetch manifest source-map-js@^1.2.1
136 silly fetch manifest @oxc-project/types@=0.138.0
137 silly fetch manifest @rolldown/binding-darwin-x64@1.1.4
138 silly fetch manifest @rolldown/binding-win32-x64-msvc@1.1.4
139 silly fetch manifest @rolldown/binding-linux-x64-gnu@1.1.4
140 silly fetch manifest @rolldown/binding-linux-x64-musl@1.1.4
141 silly fetch manifest @rolldown/binding-freebsd-x64@1.1.4
142 silly fetch manifest @rolldown/binding-linux-arm-gnueabihf@1.1.4
143 silly fetch manifest @rolldown/binding-linux-arm64-gnu@1.1.4
144 silly fetch manifest @rolldown/binding-darwin-arm64@1.1.4
145 silly fetch manifest @rolldown/binding-linux-arm64-musl@1.1.4
146 silly fetch manifest @rolldown/binding-openharmony-arm64@1.1.4
147 silly fetch manifest @rolldown/binding-win32-arm64-msvc@1.1.4
148 silly fetch manifest @rolldown/binding-android-arm64@1.1.4
149 silly fetch manifest @rolldown/binding-wasm32-wasi@1.1.4
150 silly fetch manifest @rolldown/binding-linux-s390x-gnu@1.1.4
151 silly fetch manifest @rolldown/binding-linux-ppc64-gnu@1.1.4
152 silly fetch manifest fdir@^6.5.0
153 http fetch GET 200 https://registry.npmjs.org/lightningcss-win32-arm64-msvc 77ms (cache miss)
154 http fetch GET 200 https://registry.npmjs.org/lightningcss-win32-x64-msvc 81ms (cache miss)
155 http fetch GET 200 https://registry.npmjs.org/detect-libc 81ms (cache miss)
156 http fetch GET 200 https://registry.npmjs.org/lightningcss-darwin-arm64 83ms (cache miss)
157 http fetch GET 200 https://registry.npmjs.org/lightningcss-darwin-x64 84ms (cache miss)
158 http fetch GET 200 https://registry.npmjs.org/lightningcss-linux-x64-gnu 84ms (cache miss)
159 http fetch GET 200 https://registry.npmjs.org/@oxc-project%2ftypes 140ms (cache miss)
160 http fetch GET 200 https://registry.npmjs.org/lightningcss-freebsd-x64 170ms (cache miss)
161 http fetch GET 200 https://registry.npmjs.org/lightningcss-android-arm64 178ms (cache miss)
162 http fetch GET 200 https://registry.npmjs.org/lightningcss-linux-arm64-musl 187ms (cache miss)
163 http fetch GET 200 https://registry.npmjs.org/picocolors 188ms (cache miss)
164 http fetch GET 200 https://registry.npmjs.org/lightningcss-linux-x64-musl 188ms (cache miss)
165 http fetch GET 200 https://registry.npmjs.org/lightningcss-linux-arm-gnueabihf 189ms (cache miss)
166 http fetch GET 200 https://registry.npmjs.org/lightningcss-linux-arm64-gnu 195ms (cache miss)
167 http fetch GET 200 https://registry.npmjs.org/@rolldown%2fbinding-linux-x64-gnu 195ms (cache miss)
168 http fetch GET 200 https://registry.npmjs.org/source-map-js 199ms (cache miss)
169 http fetch GET 200 https://registry.npmjs.org/nanoid 211ms (cache miss)
170 http fetch GET 200 https://registry.npmjs.org/@rolldown%2fbinding-win32-x64-msvc 214ms (cache miss)
171 http fetch GET 200 https://registry.npmjs.org/@rolldown%2fbinding-darwin-x64 221ms (cache miss)
172 http fetch GET 200 https://registry.npmjs.org/@rolldown%2fbinding-linux-arm-gnueabihf 232ms (cache miss)
173 http fetch GET 200 https://registry.npmjs.org/@rolldown%2fbinding-freebsd-x64 239ms (cache miss)
174 http fetch GET 200 https://registry.npmjs.org/@rolldown%2fbinding-android-arm64 254ms (cache miss)
175 http fetch GET 200 https://registry.npmjs.org/@rolldown%2fbinding-openharmony-arm64 254ms (cache miss)
176 http fetch GET 200 https://registry.npmjs.org/@rolldown%2fbinding-win32-arm64-msvc 274ms (cache miss)
177 http fetch GET 200 https://registry.npmjs.org/fdir 283ms (cache miss)
178 http fetch GET 200 https://registry.npmjs.org/@rolldown%2fbinding-linux-arm64-gnu 286ms (cache miss)
179 http fetch GET 200 https://registry.npmjs.org/@rolldown%2fbinding-linux-ppc64-gnu 289ms (cache miss)
180 http fetch GET 200 https://registry.npmjs.org/@rolldown%2fbinding-darwin-arm64 300ms (cache miss)
181 http fetch GET 200 https://registry.npmjs.org/@rolldown%2fbinding-linux-arm64-musl 306ms (cache miss)
182 http fetch GET 200 https://registry.npmjs.org/@rolldown%2fbinding-wasm32-wasi 317ms (cache miss)
183 http fetch GET 200 https://registry.npmjs.org/@rolldown%2fbinding-linux-x64-musl 350ms (cache miss)
184 http fetch GET 200 https://registry.npmjs.org/@rolldown%2fbinding-linux-s390x-gnu 423ms (cache miss)
185 timing idealTree:node_modules/vite Completed in 434ms
186 timing idealTree:node_modules/fsevents Completed in 0ms
187 silly placeDep ROOT detect-libc@2.1.2 OK for: lightningcss@1.32.0 want: ^2.0.3
188 silly placeDep ROOT lightningcss-android-arm64@1.32.0 OK for: lightningcss@1.32.0 want: 1.32.0
189 silly placeDep ROOT lightningcss-darwin-arm64@1.32.0 OK for: lightningcss@1.32.0 want: 1.32.0
190 silly placeDep ROOT lightningcss-darwin-x64@1.32.0 OK for: lightningcss@1.32.0 want: 1.32.0
191 silly placeDep ROOT lightningcss-freebsd-x64@1.32.0 OK for: lightningcss@1.32.0 want: 1.32.0
192 silly placeDep ROOT lightningcss-linux-arm-gnueabihf@1.32.0 OK for: lightningcss@1.32.0 want: 1.32.0
193 silly placeDep ROOT lightningcss-linux-arm64-gnu@1.32.0 OK for: lightningcss@1.32.0 want: 1.32.0
194 silly placeDep ROOT lightningcss-linux-arm64-musl@1.32.0 OK for: lightningcss@1.32.0 want: 1.32.0
195 silly placeDep ROOT lightningcss-linux-x64-gnu@1.32.0 OK for: lightningcss@1.32.0 want: 1.32.0
196 silly placeDep ROOT lightningcss-linux-x64-musl@1.32.0 OK for: lightningcss@1.32.0 want: 1.32.0
197 silly placeDep ROOT lightningcss-win32-arm64-msvc@1.32.0 OK for: lightningcss@1.32.0 want: 1.32.0
198 silly placeDep ROOT lightningcss-win32-x64-msvc@1.32.0 OK for: lightningcss@1.32.0 want: 1.32.0
199 timing idealTree:node_modules/lightningcss Completed in 9ms
200 timing idealTree:node_modules/detect-libc Completed in 0ms
201 timing idealTree:node_modules/lightningcss-android-arm64 Completed in 0ms
202 timing idealTree:node_modules/lightningcss-darwin-arm64 Completed in 0ms
203 timing idealTree:node_modules/lightningcss-darwin-x64 Completed in 0ms
204 timing idealTree:node_modules/lightningcss-freebsd-x64 Completed in 0ms
205 timing idealTree:node_modules/lightningcss-linux-arm-gnueabihf Completed in 0ms
206 timing idealTree:node_modules/lightningcss-linux-arm64-gnu Completed in 0ms
207 timing idealTree:node_modules/lightningcss-linux-arm64-musl Completed in 0ms
208 timing idealTree:node_modules/lightningcss-linux-x64-gnu Completed in 0ms
209 timing idealTree:node_modules/lightningcss-linux-x64-musl Completed in 0ms
210 timing idealTree:node_modules/lightningcss-win32-arm64-msvc Completed in 0ms
211 timing idealTree:node_modules/lightningcss-win32-x64-msvc Completed in 0ms
212 timing idealTree:node_modules/picomatch Completed in 0ms
213 silly placeDep ROOT nanoid@3.3.15 OK for: postcss@8.5.16 want: ^3.3.12
214 silly placeDep ROOT picocolors@1.1.1 OK for: postcss@8.5.16 want: ^1.1.1
215 silly placeDep ROOT source-map-js@1.2.1 OK for: postcss@8.5.16 want: ^1.2.1
216 timing idealTree:node_modules/postcss Completed in 3ms
217 timing idealTree:node_modules/nanoid Completed in 0ms
218 timing idealTree:node_modules/picocolors Completed in 0ms
219 silly placeDep ROOT @oxc-project/types@0.138.0 OK for: rolldown@1.1.4 want: =0.138.0
220 silly placeDep ROOT @rolldown/binding-android-arm64@1.1.4 OK for: rolldown@1.1.4 want: 1.1.4
221 silly placeDep ROOT @rolldown/binding-darwin-arm64@1.1.4 OK for: rolldown@1.1.4 want: 1.1.4
222 silly placeDep ROOT @rolldown/binding-darwin-x64@1.1.4 OK for: rolldown@1.1.4 want: 1.1.4
223 silly placeDep ROOT @rolldown/binding-freebsd-x64@1.1.4 OK for: rolldown@1.1.4 want: 1.1.4
224 silly placeDep ROOT @rolldown/binding-linux-arm-gnueabihf@1.1.4 OK for: rolldown@1.1.4 want: 1.1.4
225 silly placeDep ROOT @rolldown/binding-linux-arm64-gnu@1.1.4 OK for: rolldown@1.1.4 want: 1.1.4
226 silly placeDep ROOT @rolldown/binding-linux-arm64-musl@1.1.4 OK for: rolldown@1.1.4 want: 1.1.4
227 silly placeDep ROOT @rolldown/binding-linux-ppc64-gnu@1.1.4 OK for: rolldown@1.1.4 want: 1.1.4
228 silly placeDep ROOT @rolldown/binding-linux-s390x-gnu@1.1.4 OK for: rolldown@1.1.4 want: 1.1.4
229 silly placeDep ROOT @rolldown/binding-linux-x64-gnu@1.1.4 OK for: rolldown@1.1.4 want: 1.1.4
230 silly placeDep ROOT @rolldown/binding-linux-x64-musl@1.1.4 OK for: rolldown@1.1.4 want: 1.1.4
231 silly placeDep ROOT @rolldown/binding-openharmony-arm64@1.1.4 OK for: rolldown@1.1.4 want: 1.1.4
232 silly placeDep ROOT @rolldown/binding-wasm32-wasi@1.1.4 OK for: rolldown@1.1.4 want: 1.1.4
233 silly placeDep ROOT @rolldown/binding-win32-arm64-msvc@1.1.4 OK for: rolldown@1.1.4 want: 1.1.4
234 silly placeDep ROOT @rolldown/binding-win32-x64-msvc@1.1.4 OK for: rolldown@1.1.4 want: 1.1.4
235 silly fetch manifest @napi-rs/wasm-runtime@^1.1.6
236 silly fetch manifest @emnapi/core@1.11.1
237 silly fetch manifest @emnapi/runtime@1.11.1
238 http fetch GET 200 https://registry.npmjs.org/@emnapi%2fcore 72ms (cache miss)
239 http fetch GET 200 https://registry.npmjs.org/@emnapi%2fruntime 74ms (cache miss)
240 http fetch GET 200 https://registry.npmjs.org/@napi-rs%2fwasm-runtime 84ms (cache miss)
241 timing idealTree:node_modules/rolldown Completed in 97ms
242 timing idealTree:node_modules/@oxc-project/types Completed in 0ms
243 timing idealTree:node_modules/@rolldown/binding-android-arm64 Completed in 0ms
244 timing idealTree:node_modules/@rolldown/binding-darwin-arm64 Completed in 0ms
245 timing idealTree:node_modules/@rolldown/binding-darwin-x64 Completed in 0ms
246 timing idealTree:node_modules/@rolldown/binding-freebsd-x64 Completed in 0ms
247 timing idealTree:node_modules/@rolldown/binding-linux-arm-gnueabihf Completed in 0ms
248 timing idealTree:node_modules/@rolldown/binding-linux-arm64-gnu Completed in 0ms
249 timing idealTree:node_modules/@rolldown/binding-linux-arm64-musl Completed in 0ms
250 timing idealTree:node_modules/@rolldown/binding-linux-ppc64-gnu Completed in 0ms
251 timing idealTree:node_modules/@rolldown/binding-linux-s390x-gnu Completed in 0ms
252 timing idealTree:node_modules/@rolldown/binding-linux-x64-gnu Completed in 0ms
253 timing idealTree:node_modules/@rolldown/binding-linux-x64-musl Completed in 0ms
254 timing idealTree:node_modules/@rolldown/binding-openharmony-arm64 Completed in 0ms
255 silly placeDep ROOT @emnapi/core@1.11.1 OK for: @rolldown/binding-wasm32-wasi@1.1.4 want: 1.11.1
256 silly placeDep ROOT @emnapi/runtime@1.11.1 OK for: @rolldown/binding-wasm32-wasi@1.1.4 want: 1.11.1
257 silly placeDep ROOT @napi-rs/wasm-runtime@1.1.6 OK for: @rolldown/binding-wasm32-wasi@1.1.4 want: ^1.1.6
258 silly fetch manifest @emnapi/wasi-threads@1.2.2
259 silly fetch manifest tslib@^2.4.0
260 silly fetch manifest @tybys/wasm-util@^0.10.3
261 http fetch GET 200 https://registry.npmjs.org/tslib 65ms (cache miss)
262 http fetch GET 200 https://registry.npmjs.org/@tybys%2fwasm-util 72ms (cache miss)
263 http fetch GET 200 https://registry.npmjs.org/@emnapi%2fwasi-threads 85ms (cache miss)
264 timing idealTree:node_modules/@rolldown/binding-wasm32-wasi Completed in 89ms
265 silly placeDep ROOT @emnapi/wasi-threads@1.2.2 OK for: @emnapi/core@1.11.1 want: 1.2.2
266 silly placeDep ROOT tslib@2.8.1 OK for: @emnapi/core@1.11.1 want: ^2.4.0
267 timing idealTree:node_modules/@emnapi/core Completed in 2ms
268 timing idealTree:node_modules/@emnapi/runtime Completed in 0ms
269 timing idealTree:node_modules/@emnapi/wasi-threads Completed in 0ms
270 silly placeDep ROOT @tybys/wasm-util@0.10.3 OK for: @napi-rs/wasm-runtime@1.1.6 want: ^0.10.3
271 timing idealTree:node_modules/@napi-rs/wasm-runtime Completed in 1ms
272 timing idealTree:node_modules/@rolldown/binding-win32-arm64-msvc Completed in 0ms
273 timing idealTree:node_modules/@rolldown/binding-win32-x64-msvc Completed in 0ms
274 timing idealTree:node_modules/@tybys/wasm-util Completed in 0ms
275 timing idealTree:node_modules/source-map-js Completed in 0ms
276 silly placeDep ROOT fdir@6.5.0 OK for: tinyglobby@0.2.17 want: ^6.5.0
277 timing idealTree:node_modules/tinyglobby Completed in 1ms
278 timing idealTree:node_modules/fdir Completed in 1ms
279 timing idealTree:node_modules/tslib Completed in 0ms
280 timing idealTree:buildDeps Completed in 5032ms
281 timing idealTree:fixDepFlags Completed in 1ms
282 timing idealTree Completed in 5047ms
283 timing reify:loadTrees Completed in 5047ms
284 timing reify:diffTrees Completed in 2ms
285 silly reify moves {}
286 timing reify:retireShallow Completed in 1ms
287 timing reify:createSparse Completed in 20ms
288 timing reify:loadBundles Completed in 0ms
289 silly audit bulk request {
289 silly audit   '@vitejs/plugin-react': [ '6.0.3' ],
289 silly audit   vite: [ '8.1.3' ],
289 silly audit   react: [ '19.2.7' ],
289 silly audit   'react-dom': [ '19.2.7' ],
289 silly audit   typescript: [ '6.0.3' ],
289 silly audit   '@rolldown/pluginutils': [ '1.0.1' ],
289 silly audit   scheduler: [ '0.27.0' ],
289 silly audit   fsevents: [ '2.3.3' ],
289 silly audit   lightningcss: [ '1.32.0' ],
289 silly audit   picomatch: [ '4.0.4' ],
289 silly audit   postcss: [ '8.5.16' ],
289 silly audit   rolldown: [ '1.1.4' ],
289 silly audit   tinyglobby: [ '0.2.17' ],
289 silly audit   'detect-libc': [ '2.1.2' ],
289 silly audit   'lightningcss-android-arm64': [ '1.32.0' ],
289 silly audit   'lightningcss-darwin-arm64': [ '1.32.0' ],
289 silly audit   'lightningcss-darwin-x64': [ '1.32.0' ],
289 silly audit   'lightningcss-freebsd-x64': [ '1.32.0' ],
289 silly audit   'lightningcss-linux-arm-gnueabihf': [ '1.32.0' ],
289 silly audit   'lightningcss-linux-arm64-gnu': [ '1.32.0' ],
289 silly audit   'lightningcss-linux-arm64-musl': [ '1.32.0' ],
289 silly audit   'lightningcss-linux-x64-gnu': [ '1.32.0' ],
289 silly audit   'lightningcss-linux-x64-musl': [ '1.32.0' ],
289 silly audit   'lightningcss-win32-arm64-msvc': [ '1.32.0' ],
289 silly audit   'lightningcss-win32-x64-msvc': [ '1.32.0' ],
289 silly audit   nanoid: [ '3.3.15' ],
289 silly audit   picocolors: [ '1.1.1' ],
289 silly audit   'source-map-js': [ '1.2.1' ],
289 silly audit   '@oxc-project/types': [ '0.138.0' ],
289 silly audit   '@rolldown/binding-android-arm64': [ '1.1.4' ],
289 silly audit   '@rolldown/binding-darwin-arm64': [ '1.1.4' ],
289 silly audit   '@rolldown/binding-darwin-x64': [ '1.1.4' ],
289 silly audit   '@rolldown/binding-freebsd-x64': [ '1.1.4' ],
289 silly audit   '@rolldown/binding-linux-arm-gnueabihf': [ '1.1.4' ],
289 silly audit   '@rolldown/binding-linux-arm64-gnu': [ '1.1.4' ],
289 silly audit   '@rolldown/binding-linux-arm64-musl': [ '1.1.4' ],
289 silly audit   '@rolldown/binding-linux-ppc64-gnu': [ '1.1.4' ],
289 silly audit   '@rolldown/binding-linux-s390x-gnu': [ '1.1.4' ],
289 silly audit   '@rolldown/binding-linux-x64-gnu': [ '1.1.4' ],
289 silly audit   '@rolldown/binding-linux-x64-musl': [ '1.1.4' ],
289 silly audit   '@rolldown/binding-openharmony-arm64': [ '1.1.4' ],
289 silly audit   '@rolldown/binding-wasm32-wasi': [ '1.1.4' ],
289 silly audit   '@rolldown/binding-win32-arm64-msvc': [ '1.1.4' ],
289 silly audit   '@rolldown/binding-win32-x64-msvc': [ '1.1.4' ],
289 silly audit   '@emnapi/core': [ '1.11.1' ],
289 silly audit   '@emnapi/runtime': [ '1.11.1' ],
289 silly audit   '@napi-rs/wasm-runtime': [ '1.1.6' ],
289 silly audit   '@emnapi/wasi-threads': [ '1.2.2' ],
289 silly audit   tslib: [ '2.8.1' ],
289 silly audit   '@tybys/wasm-util': [ '0.10.3' ],
289 silly audit   fdir: [ '6.5.0' ]
289 silly audit }
290 verbose reify failed optional dependency D:\APP ENCUESTAS\frontend\academic-survey-system-web\node_modules\@rolldown\binding-win32-arm64-msvc
291 silly reify mark deleted [
291 silly reify   'D:\\APP ENCUESTAS\\frontend\\academic-survey-system-web\\node_modules\\@rolldown\\binding-win32-arm64-msvc'
291 silly reify ]
292 verbose reify failed optional dependency D:\APP ENCUESTAS\frontend\academic-survey-system-web\node_modules\@rolldown\binding-wasm32-wasi
293 silly reify mark deleted [
293 silly reify   'D:\\APP ENCUESTAS\\frontend\\academic-survey-system-web\\node_modules\\@rolldown\\binding-wasm32-wasi'
293 silly reify ]
294 verbose reify failed optional dependency D:\APP ENCUESTAS\frontend\academic-survey-system-web\node_modules\@napi-rs\wasm-runtime
295 silly reify mark deleted [
295 silly reify   'D:\\APP ENCUESTAS\\frontend\\academic-survey-system-web\\node_modules\\@napi-rs\\wasm-runtime'
295 silly reify ]
296 verbose reify failed optional dependency D:\APP ENCUESTAS\frontend\academic-survey-system-web\node_modules\@emnapi\core
297 silly reify mark deleted [
297 silly reify   'D:\\APP ENCUESTAS\\frontend\\academic-survey-system-web\\node_modules\\@emnapi\\core'
297 silly reify ]
298 verbose reify failed optional dependency D:\APP ENCUESTAS\frontend\academic-survey-system-web\node_modules\@emnapi\runtime
299 silly reify mark deleted [
299 silly reify   'D:\\APP ENCUESTAS\\frontend\\academic-survey-system-web\\node_modules\\@emnapi\\runtime'
299 silly reify ]
300 verbose reify failed optional dependency D:\APP ENCUESTAS\frontend\academic-survey-system-web\node_modules\@tybys\wasm-util
301 silly reify mark deleted [
301 silly reify   'D:\\APP ENCUESTAS\\frontend\\academic-survey-system-web\\node_modules\\@tybys\\wasm-util'
301 silly reify ]
302 verbose reify failed optional dependency D:\APP ENCUESTAS\frontend\academic-survey-system-web\node_modules\@emnapi\wasi-threads
303 silly reify mark deleted [
303 silly reify   'D:\\APP ENCUESTAS\\frontend\\academic-survey-system-web\\node_modules\\@emnapi\\wasi-threads'
303 silly reify ]
304 verbose reify failed optional dependency D:\APP ENCUESTAS\frontend\academic-survey-system-web\node_modules\tslib
305 silly reify mark deleted [
305 silly reify   'D:\\APP ENCUESTAS\\frontend\\academic-survey-system-web\\node_modules\\tslib'
305 silly reify ]
306 verbose reify failed optional dependency D:\APP ENCUESTAS\frontend\academic-survey-system-web\node_modules\@rolldown\binding-openharmony-arm64
307 silly reify mark deleted [
307 silly reify   'D:\\APP ENCUESTAS\\frontend\\academic-survey-system-web\\node_modules\\@rolldown\\binding-openharmony-arm64'
307 silly reify ]
308 verbose reify failed optional dependency D:\APP ENCUESTAS\frontend\academic-survey-system-web\node_modules\@rolldown\binding-linux-x64-musl
309 silly reify mark deleted [
309 silly reify   'D:\\APP ENCUESTAS\\frontend\\academic-survey-system-web\\node_modules\\@rolldown\\binding-linux-x64-musl'
309 silly reify ]
310 verbose reify failed optional dependency D:\APP ENCUESTAS\frontend\academic-survey-system-web\node_modules\@rolldown\binding-linux-x64-gnu
311 silly reify mark deleted [
311 silly reify   'D:\\APP ENCUESTAS\\frontend\\academic-survey-system-web\\node_modules\\@rolldown\\binding-linux-x64-gnu'
311 silly reify ]
312 verbose reify failed optional dependency D:\APP ENCUESTAS\frontend\academic-survey-system-web\node_modules\@rolldown\binding-linux-s390x-gnu
313 silly reify mark deleted [
313 silly reify   'D:\\APP ENCUESTAS\\frontend\\academic-survey-system-web\\node_modules\\@rolldown\\binding-linux-s390x-gnu'
313 silly reify ]
314 verbose reify failed optional dependency D:\APP ENCUESTAS\frontend\academic-survey-system-web\node_modules\@rolldown\binding-linux-ppc64-gnu
315 silly reify mark deleted [
315 silly reify   'D:\\APP ENCUESTAS\\frontend\\academic-survey-system-web\\node_modules\\@rolldown\\binding-linux-ppc64-gnu'
315 silly reify ]
316 verbose reify failed optional dependency D:\APP ENCUESTAS\frontend\academic-survey-system-web\node_modules\@rolldown\binding-linux-arm64-musl
317 silly reify mark deleted [
317 silly reify   'D:\\APP ENCUESTAS\\frontend\\academic-survey-system-web\\node_modules\\@rolldown\\binding-linux-arm64-musl'
317 silly reify ]
318 verbose reify failed optional dependency D:\APP ENCUESTAS\frontend\academic-survey-system-web\node_modules\@rolldown\binding-linux-arm64-gnu
319 silly reify mark deleted [
319 silly reify   'D:\\APP ENCUESTAS\\frontend\\academic-survey-system-web\\node_modules\\@rolldown\\binding-linux-arm64-gnu'
319 silly reify ]
320 verbose reify failed optional dependency D:\APP ENCUESTAS\frontend\academic-survey-system-web\node_modules\@rolldown\binding-linux-arm-gnueabihf
321 silly reify mark deleted [
321 silly reify   'D:\\APP ENCUESTAS\\frontend\\academic-survey-system-web\\node_modules\\@rolldown\\binding-linux-arm-gnueabihf'
321 silly reify ]
322 verbose reify failed optional dependency D:\APP ENCUESTAS\frontend\academic-survey-system-web\node_modules\@rolldown\binding-freebsd-x64
323 silly reify mark deleted [
323 silly reify   'D:\\APP ENCUESTAS\\frontend\\academic-survey-system-web\\node_modules\\@rolldown\\binding-freebsd-x64'
323 silly reify ]
324 verbose reify failed optional dependency D:\APP ENCUESTAS\frontend\academic-survey-system-web\node_modules\@rolldown\binding-darwin-x64
325 silly reify mark deleted [
325 silly reify   'D:\\APP ENCUESTAS\\frontend\\academic-survey-system-web\\node_modules\\@rolldown\\binding-darwin-x64'
325 silly reify ]
326 verbose reify failed optional dependency D:\APP ENCUESTAS\frontend\academic-survey-system-web\node_modules\@rolldown\binding-darwin-arm64
327 silly reify mark deleted [
327 silly reify   'D:\\APP ENCUESTAS\\frontend\\academic-survey-system-web\\node_modules\\@rolldown\\binding-darwin-arm64'
327 silly reify ]
328 verbose reify failed optional dependency D:\APP ENCUESTAS\frontend\academic-survey-system-web\node_modules\@rolldown\binding-android-arm64
329 silly reify mark deleted [
329 silly reify   'D:\\APP ENCUESTAS\\frontend\\academic-survey-system-web\\node_modules\\@rolldown\\binding-android-arm64'
329 silly reify ]
330 verbose reify failed optional dependency D:\APP ENCUESTAS\frontend\academic-survey-system-web\node_modules\lightningcss-win32-arm64-msvc
331 silly reify mark deleted [
331 silly reify   'D:\\APP ENCUESTAS\\frontend\\academic-survey-system-web\\node_modules\\lightningcss-win32-arm64-msvc'
331 silly reify ]
332 verbose reify failed optional dependency D:\APP ENCUESTAS\frontend\academic-survey-system-web\node_modules\lightningcss-linux-x64-musl
333 silly reify mark deleted [
333 silly reify   'D:\\APP ENCUESTAS\\frontend\\academic-survey-system-web\\node_modules\\lightningcss-linux-x64-musl'
333 silly reify ]
334 verbose reify failed optional dependency D:\APP ENCUESTAS\frontend\academic-survey-system-web\node_modules\lightningcss-linux-x64-gnu
335 silly reify mark deleted [
335 silly reify   'D:\\APP ENCUESTAS\\frontend\\academic-survey-system-web\\node_modules\\lightningcss-linux-x64-gnu'
335 silly reify ]
336 verbose reify failed optional dependency D:\APP ENCUESTAS\frontend\academic-survey-system-web\node_modules\lightningcss-linux-arm64-musl
337 silly reify mark deleted [
337 silly reify   'D:\\APP ENCUESTAS\\frontend\\academic-survey-system-web\\node_modules\\lightningcss-linux-arm64-musl'
337 silly reify ]
338 verbose reify failed optional dependency D:\APP ENCUESTAS\frontend\academic-survey-system-web\node_modules\lightningcss-linux-arm64-gnu
339 silly reify mark deleted [
339 silly reify   'D:\\APP ENCUESTAS\\frontend\\academic-survey-system-web\\node_modules\\lightningcss-linux-arm64-gnu'
339 silly reify ]
340 verbose reify failed optional dependency D:\APP ENCUESTAS\frontend\academic-survey-system-web\node_modules\lightningcss-linux-arm-gnueabihf
341 silly reify mark deleted [
341 silly reify   'D:\\APP ENCUESTAS\\frontend\\academic-survey-system-web\\node_modules\\lightningcss-linux-arm-gnueabihf'
341 silly reify ]
342 verbose reify failed optional dependency D:\APP ENCUESTAS\frontend\academic-survey-system-web\node_modules\lightningcss-freebsd-x64
343 silly reify mark deleted [
343 silly reify   'D:\\APP ENCUESTAS\\frontend\\academic-survey-system-web\\node_modules\\lightningcss-freebsd-x64'
343 silly reify ]
344 verbose reify failed optional dependency D:\APP ENCUESTAS\frontend\academic-survey-system-web\node_modules\lightningcss-darwin-x64
345 silly reify mark deleted [
345 silly reify   'D:\\APP ENCUESTAS\\frontend\\academic-survey-system-web\\node_modules\\lightningcss-darwin-x64'
345 silly reify ]
346 verbose reify failed optional dependency D:\APP ENCUESTAS\frontend\academic-survey-system-web\node_modules\lightningcss-darwin-arm64
347 silly reify mark deleted [
347 silly reify   'D:\\APP ENCUESTAS\\frontend\\academic-survey-system-web\\node_modules\\lightningcss-darwin-arm64'
347 silly reify ]
348 verbose reify failed optional dependency D:\APP ENCUESTAS\frontend\academic-survey-system-web\node_modules\lightningcss-android-arm64
349 silly reify mark deleted [
349 silly reify   'D:\\APP ENCUESTAS\\frontend\\academic-survey-system-web\\node_modules\\lightningcss-android-arm64'
349 silly reify ]
350 verbose reify failed optional dependency D:\APP ENCUESTAS\frontend\academic-survey-system-web\node_modules\fsevents
351 silly reify mark deleted [
351 silly reify   'D:\\APP ENCUESTAS\\frontend\\academic-survey-system-web\\node_modules\\fsevents'
351 silly reify ]
352 timing reifyNode:node_modules/@rolldown/binding-win32-arm64-msvc Completed in 9ms
353 timing reifyNode:node_modules/@rolldown/binding-wasm32-wasi Completed in 9ms
354 timing reifyNode:node_modules/@rolldown/binding-openharmony-arm64 Completed in 10ms
355 timing reifyNode:node_modules/@rolldown/binding-linux-x64-musl Completed in 10ms
356 timing reifyNode:node_modules/@rolldown/binding-linux-x64-gnu Completed in 10ms
357 timing reifyNode:node_modules/@rolldown/binding-linux-s390x-gnu Completed in 10ms
358 timing reifyNode:node_modules/@rolldown/binding-linux-ppc64-gnu Completed in 10ms
359 timing reifyNode:node_modules/@rolldown/binding-linux-arm64-musl Completed in 10ms
360 timing reifyNode:node_modules/@rolldown/binding-linux-arm64-gnu Completed in 10ms
361 timing reifyNode:node_modules/@rolldown/binding-linux-arm-gnueabihf Completed in 10ms
362 timing reifyNode:node_modules/@rolldown/binding-freebsd-x64 Completed in 10ms
363 timing reifyNode:node_modules/@rolldown/binding-darwin-x64 Completed in 10ms
364 timing reifyNode:node_modules/@rolldown/binding-darwin-arm64 Completed in 10ms
365 timing reifyNode:node_modules/@rolldown/binding-android-arm64 Completed in 10ms
366 timing reifyNode:node_modules/lightningcss-win32-arm64-msvc Completed in 10ms
367 timing reifyNode:node_modules/lightningcss-linux-x64-musl Completed in 10ms
368 timing reifyNode:node_modules/lightningcss-linux-x64-gnu Completed in 10ms
369 timing reifyNode:node_modules/lightningcss-linux-arm64-musl Completed in 10ms
370 timing reifyNode:node_modules/lightningcss-linux-arm64-gnu Completed in 10ms
371 timing reifyNode:node_modules/lightningcss-linux-arm-gnueabihf Completed in 10ms
372 timing reifyNode:node_modules/lightningcss-freebsd-x64 Completed in 10ms
373 timing reifyNode:node_modules/lightningcss-darwin-x64 Completed in 10ms
374 timing reifyNode:node_modules/lightningcss-darwin-arm64 Completed in 9ms
375 timing reifyNode:node_modules/lightningcss-android-arm64 Completed in 9ms
376 timing reifyNode:node_modules/fsevents Completed in 9ms
377 silly tarball no local data for @tybys/wasm-util@https://registry.npmjs.org/@tybys/wasm-util/-/wasm-util-0.10.3.tgz. Extracting by manifest.
378 silly tarball no local data for fdir@https://registry.npmjs.org/fdir/-/fdir-6.5.0.tgz. Extracting by manifest.
379 silly tarball no local data for @emnapi/wasi-threads@https://registry.npmjs.org/@emnapi/wasi-threads/-/wasi-threads-1.2.2.tgz. Extracting by manifest.
380 silly tarball no local data for @napi-rs/wasm-runtime@https://registry.npmjs.org/@napi-rs/wasm-runtime/-/wasm-runtime-1.1.6.tgz. Extracting by manifest.
381 silly tarball no local data for tslib@https://registry.npmjs.org/tslib/-/tslib-2.8.1.tgz. Extracting by manifest.
382 silly tarball no local data for @emnapi/runtime@https://registry.npmjs.org/@emnapi/runtime/-/runtime-1.11.1.tgz. Extracting by manifest.
383 silly tarball no local data for @rolldown/binding-win32-x64-msvc@https://registry.npmjs.org/@rolldown/binding-win32-x64-msvc/-/binding-win32-x64-msvc-1.1.4.tgz. Extracting by manifest.
384 silly tarball no local data for @emnapi/core@https://registry.npmjs.org/@emnapi/core/-/core-1.11.1.tgz. Extracting by manifest.
385 silly tarball no local data for @oxc-project/types@https://registry.npmjs.org/@oxc-project/types/-/types-0.138.0.tgz. Extracting by manifest.
386 silly tarball no local data for source-map-js@https://registry.npmjs.org/source-map-js/-/source-map-js-1.2.1.tgz. Extracting by manifest.
387 silly tarball no local data for picocolors@https://registry.npmjs.org/picocolors/-/picocolors-1.1.1.tgz. Extracting by manifest.
388 silly tarball no local data for nanoid@https://registry.npmjs.org/nanoid/-/nanoid-3.3.15.tgz. Extracting by manifest.
389 silly tarball no local data for lightningcss-win32-x64-msvc@https://registry.npmjs.org/lightningcss-win32-x64-msvc/-/lightningcss-win32-x64-msvc-1.32.0.tgz. Extracting by manifest.
390 silly tarball no local data for detect-libc@https://registry.npmjs.org/detect-libc/-/detect-libc-2.1.2.tgz. Extracting by manifest.
391 silly tarball no local data for tinyglobby@https://registry.npmjs.org/tinyglobby/-/tinyglobby-0.2.17.tgz. Extracting by manifest.
392 silly tarball no local data for rolldown@https://registry.npmjs.org/rolldown/-/rolldown-1.1.4.tgz. Extracting by manifest.
393 silly tarball no local data for postcss@https://registry.npmjs.org/postcss/-/postcss-8.5.16.tgz. Extracting by manifest.
394 silly tarball no local data for picomatch@https://registry.npmjs.org/picomatch/-/picomatch-4.0.4.tgz. Extracting by manifest.
395 silly tarball no local data for lightningcss@https://registry.npmjs.org/lightningcss/-/lightningcss-1.32.0.tgz. Extracting by manifest.
396 silly tarball no local data for @rolldown/pluginutils@https://registry.npmjs.org/@rolldown/pluginutils/-/pluginutils-1.0.1.tgz. Extracting by manifest.
397 silly tarball no local data for @vitejs/plugin-react@https://registry.npmjs.org/@vitejs/plugin-react/-/plugin-react-6.0.3.tgz. Extracting by manifest.
398 silly tarball no local data for typescript@https://registry.npmjs.org/typescript/-/typescript-6.0.3.tgz. Extracting by manifest.
399 silly tarball no local data for scheduler@https://registry.npmjs.org/scheduler/-/scheduler-0.27.0.tgz. Extracting by manifest.
400 silly tarball no local data for react-dom@https://registry.npmjs.org/react-dom/-/react-dom-19.2.7.tgz. Extracting by manifest.
401 silly tarball no local data for react@https://registry.npmjs.org/react/-/react-19.2.7.tgz. Extracting by manifest.
402 silly tarball no local data for vite@https://registry.npmjs.org/vite/-/vite-8.1.3.tgz. Extracting by manifest.
403 http fetch GET 200 https://registry.npmjs.org/picocolors/-/picocolors-1.1.1.tgz 103ms (cache miss)
404 http fetch GET 200 https://registry.npmjs.org/nanoid/-/nanoid-3.3.15.tgz 104ms (cache miss)
405 timing reifyNode:node_modules/picocolors Completed in 132ms
406 http fetch GET 200 https://registry.npmjs.org/detect-libc/-/detect-libc-2.1.2.tgz 113ms (cache miss)
407 http fetch GET 200 https://registry.npmjs.org/fdir/-/fdir-6.5.0.tgz 117ms (cache miss)
408 timing reifyNode:node_modules/detect-libc Completed in 136ms
409 timing reifyNode:node_modules/fdir Completed in 139ms
410 http fetch GET 200 https://registry.npmjs.org/@oxc-project/types/-/types-0.138.0.tgz 122ms (cache miss)
411 timing reifyNode:node_modules/@oxc-project/types Completed in 142ms
412 http fetch GET 200 https://registry.npmjs.org/tslib/-/tslib-2.8.1.tgz 163ms (cache miss)
413 timing reifyNode:node_modules/tslib Completed in 182ms
414 http fetch GET 200 https://registry.npmjs.org/@emnapi/wasi-threads/-/wasi-threads-1.2.2.tgz 168ms (cache miss)
415 timing reifyNode:node_modules/@emnapi/wasi-threads Completed in 190ms
416 http fetch GET 200 https://registry.npmjs.org/tinyglobby/-/tinyglobby-0.2.17.tgz 168ms (cache miss)
417 timing reifyNode:node_modules/tinyglobby Completed in 192ms
418 http fetch GET 200 https://registry.npmjs.org/source-map-js/-/source-map-js-1.2.1.tgz 173ms (cache miss)
419 timing reifyNode:node_modules/source-map-js Completed in 196ms
420 http fetch GET 200 https://registry.npmjs.org/@emnapi/runtime/-/runtime-1.11.1.tgz 184ms (cache miss)
421 timing reifyNode:node_modules/@emnapi/runtime Completed in 205ms
422 timing reifyNode:node_modules/nanoid Completed in 205ms
423 http fetch GET 200 https://registry.npmjs.org/picomatch/-/picomatch-4.0.4.tgz 184ms (cache miss)
424 timing reifyNode:node_modules/picomatch Completed in 208ms
425 http fetch GET 200 https://registry.npmjs.org/lightningcss/-/lightningcss-1.32.0.tgz 231ms (cache miss)
426 timing reifyNode:node_modules/lightningcss Completed in 256ms
427 http fetch GET 200 https://registry.npmjs.org/@rolldown/pluginutils/-/pluginutils-1.0.1.tgz 244ms (cache miss)
428 timing reifyNode:node_modules/@rolldown/pluginutils Completed in 269ms
429 http fetch GET 200 https://registry.npmjs.org/@vitejs/plugin-react/-/plugin-react-6.0.3.tgz 249ms (cache miss)
430 timing reifyNode:node_modules/@vitejs/plugin-react Completed in 272ms
431 http fetch GET 200 https://registry.npmjs.org/scheduler/-/scheduler-0.27.0.tgz 251ms (cache miss)
432 timing reifyNode:node_modules/scheduler Completed in 276ms
433 http fetch GET 200 https://registry.npmjs.org/@tybys/wasm-util/-/wasm-util-0.10.3.tgz 266ms (cache miss)
434 timing reifyNode:node_modules/@tybys/wasm-util Completed in 285ms
435 http fetch GET 200 https://registry.npmjs.org/postcss/-/postcss-8.5.16.tgz 282ms (cache miss)
436 timing reifyNode:node_modules/postcss Completed in 306ms
437 http fetch GET 200 https://registry.npmjs.org/rolldown/-/rolldown-1.1.4.tgz 288ms (cache miss)
438 timing reifyNode:node_modules/rolldown Completed in 312ms
439 http fetch GET 200 https://registry.npmjs.org/react/-/react-19.2.7.tgz 298ms (cache miss)
440 timing reifyNode:node_modules/react Completed in 324ms
441 http fetch GET 200 https://registry.npmjs.org/vite/-/vite-8.1.3.tgz 374ms (cache miss)
442 timing reifyNode:node_modules/vite Completed in 399ms
443 http fetch POST 200 https://registry.npmjs.org/-/npm/v1/security/advisories/bulk 418ms
444 timing auditReport:getReport Completed in 420ms
445 silly audit report {}
446 timing auditReport:init Completed in 0ms
447 timing reify:audit Completed in 421ms
448 http fetch GET 200 https://registry.npmjs.org/@napi-rs/wasm-runtime/-/wasm-runtime-1.1.6.tgz 412ms (cache miss)
449 timing reifyNode:node_modules/@napi-rs/wasm-runtime Completed in 431ms
450 http fetch GET 200 https://registry.npmjs.org/@emnapi/core/-/core-1.11.1.tgz 428ms (cache miss)
451 timing reifyNode:node_modules/@emnapi/core Completed in 448ms
452 http fetch GET 200 https://registry.npmjs.org/react-dom/-/react-dom-19.2.7.tgz 729ms (cache miss)
453 timing reifyNode:node_modules/react-dom Completed in 753ms
454 http fetch GET 200 https://registry.npmjs.org/lightningcss-win32-x64-msvc/-/lightningcss-win32-x64-msvc-1.32.0.tgz 1013ms (cache miss)
455 timing reifyNode:node_modules/lightningcss-win32-x64-msvc Completed in 1035ms
456 http fetch GET 200 https://registry.npmjs.org/typescript/-/typescript-6.0.3.tgz 1847ms (cache miss)
457 timing reifyNode:node_modules/typescript Completed in 1872ms
458 http fetch GET 200 https://registry.npmjs.org/@rolldown/binding-win32-x64-msvc/-/binding-win32-x64-msvc-1.1.4.tgz 2025ms (cache miss)
459 timing reifyNode:node_modules/@rolldown/binding-win32-x64-msvc Completed in 2045ms
460 timing reify:unpack Completed in 2046ms
461 timing reify:unretire Completed in 0ms
462 timing build:queue Completed in 2ms
463 timing build:link:node_modules/rolldown Completed in 8ms
464 timing build:link:node_modules/nanoid Completed in 8ms
465 timing build:link:node_modules/typescript Completed in 8ms
466 timing build:link:node_modules/vite Completed in 7ms
467 timing build:link Completed in 8ms
468 timing build:deps Completed in 10ms
469 timing build Completed in 10ms
470 timing reify:build Completed in 10ms
471 timing reify:trash Completed in 16ms
472 timing reify:save Completed in 13ms
473 timing reify Completed in 7166ms
474 silly ADD node_modules/fdir
475 silly ADD
476 silly ADD
477 silly ADD
478 silly ADD
479 silly ADD
480 silly ADD
481 silly ADD node_modules/@rolldown/binding-win32-x64-msvc
482 silly ADD
483 silly ADD
484 silly ADD
485 silly ADD
486 silly ADD
487 silly ADD
488 silly ADD
489 silly ADD
490 silly ADD
491 silly ADD
492 silly ADD
493 silly ADD
494 silly ADD
495 silly ADD
496 silly ADD node_modules/@oxc-project/types
497 silly ADD node_modules/source-map-js
498 silly ADD node_modules/picocolors
499 silly ADD node_modules/nanoid
500 silly ADD node_modules/lightningcss-win32-x64-msvc
501 silly ADD
502 silly ADD
503 silly ADD
504 silly ADD
505 silly ADD
506 silly ADD
507 silly ADD
508 silly ADD
509 silly ADD
510 silly ADD
511 silly ADD node_modules/detect-libc
512 silly ADD node_modules/tinyglobby
513 silly ADD node_modules/rolldown
514 silly ADD node_modules/postcss
515 silly ADD node_modules/picomatch
516 silly ADD node_modules/lightningcss
517 silly ADD
518 silly ADD node_modules/scheduler
519 silly ADD node_modules/@rolldown/pluginutils
520 silly ADD node_modules/typescript
521 silly ADD node_modules/react-dom
522 silly ADD node_modules/react
523 silly ADD node_modules/vite
524 silly ADD node_modules/@vitejs/plugin-react
525 timing command:install Completed in 7174ms
526 verbose exit 0
527 timing npm Completed in 7400ms
528 info ok
